---
source: tool/src/c/types.rs
expression: out_texts.get(out).unwrap()
---
#ifndef MyStruct_H
#define MyStruct_H
#include <stdio.h>
#include <stdint.h>
#include <stddef.h>
#include <stdbool.h>
#include "diplomat_runtime.h"

#include "MyOpaqueStruct.h"
#ifdef __cplusplus
namespace capi {
#endif

typedef struct MyStruct {
    const MyOpaqueStruct* a;
} MyStruct;
#ifdef __cplusplus
} // namespace capi
#endif
#include "MyOpaqueStruct.h"
#ifdef __cplusplus
namespace capi {
extern "C" {
#endif

MyStruct MyStruct_new(const MyOpaqueStruct* foo, MyOpaqueStruct* bar);
void MyStruct_destroy(MyStruct* self);

#ifdef __cplusplus
} // extern "C"
} // namespace capi
#endif
#endif

