---
source: tool/tests/dotnet_target.rs
expression: out_texts.get(out).unwrap()
---
// <auto-generated/> by Diplomat

#pragma warning disable 0105
using System;
using System.Runtime.InteropServices;

using SomeOrg.SomeModule;
using We.Also.Need.This;
using OurOrg.OurRustLib.Diplomat;
#pragma warning restore 0105

namespace OurOrg.OurRustLib.Raw;

#nullable enable

[StructLayout(LayoutKind.Sequential)]
public partial struct Foo
{
    private const string NativeLib = "mylib";

    [DllImport(NativeLib, CallingConvention = CallingConvention.Cdecl, EntryPoint = "Foo_destroy", ExactSpelling = true)]
    public static unsafe extern void Destroy(Foo* self);
}

