---
source: tool/tests/dotnet_target.rs
expression: out_texts.get(out).unwrap()

---
// Automatically generated by Diplomat

#pragma warning disable 0105
using System;
using System.Runtime.InteropServices;

using Interop.Diplomat;
#pragma warning restore 0105

namespace Interop;

#nullable enable

public partial class Bar: IDisposable
{
    private unsafe Raw.Bar* _inner;
    private readonly bool _isAllocatedByRust;

    /// <summary>
    /// Creates a managed <c>Bar</c> from a raw handle.
    /// </summary>
    /// <remarks>
    /// Safety: you should not build two managed objects using the same raw handle (may causes use-after-free and double-free).
    /// </remarks>
    /// <remarks>
    /// This constructor assumes the raw struct is allocated on Rust side.
    /// If implemented, the custom Drop implementation on Rust side WILL run on destruction.
    /// </remarks>
    public unsafe Bar(Raw.Bar* handle)
    {
        _inner = handle;
        _isAllocatedByRust = true;
    }

    /// <summary>
    /// Creates a managed <c>Bar</c> from the raw struct.
    /// </summary>
    /// <remarks>
    /// This constructor allocates the raw struct on C# side.
    /// If a custom Drop implementation is implemented on Rust side, it will NOT run on destruction.
    /// </remarks>
    public Bar(Raw.Bar handle)
    {
        unsafe
        {
            _inner = (Raw.Bar*)Marshal.AllocHGlobal(sizeof(Raw.Bar));
            Buffer.MemoryCopy(&handle, _inner, sizeof(Raw.Bar), sizeof(Raw.Bar));
            _isAllocatedByRust = false;
        }
    }

    /// <summary>
    /// Returns the underlying raw handle.
    /// </summary>
    public unsafe Raw.Bar* AsFFI()
    {
        return _inner;
    }

    /// <summary>
    /// Destroys the underlying object immediately.
    /// </summary>
    public void Dispose()
    {
        unsafe
        {
            if (_inner == null)
            {
                return;
            }

            if (_isAllocatedByRust)
            {
                Raw.Bar.Destroy(_inner);
            }
            else
            {
                Marshal.FreeHGlobal((IntPtr)_inner);
            }

            _inner = null;

            GC.SuppressFinalize(this);
        }
    }

    ~Bar()
    {
        Dispose();
    }
}

