---
source: tool/tests/dotnet_target.rs
expression: out_texts.get(out).unwrap()

---
// Automatically generated by Diplomat

#pragma warning disable 0105
using System;
using System.Runtime.InteropServices;

using Interop.Diplomat;
#pragma warning restore 0105

namespace Interop;

#nullable enable

public partial class MyModuleException : Exception
{
    private MyModuleError _inner;

    public MyModuleException(MyModuleError inner) : base("MyModule error occurred")
    {
        _inner = inner;
    }

    public MyModuleError Inner
    {
        get
        {
            return _inner;
        }
    }
}

