---
source: tool/tests/dotnet_target.rs
expression: out_texts.get(out).unwrap()

---
// Automatically generated by Diplomat

#pragma warning disable 0105
using System;
using System.Runtime.InteropServices;

using Interop.Diplomat;
#pragma warning restore 0105

namespace Interop;

#nullable enable

public enum MyModuleError
{
    BadInput = 0,
    BadLuck = 1,
}

