---
source: core/src/ast/types.rs
expression: "TypeName::from_syn(&syn::parse_quote! {\n                DiplomatResult < (), MyLocalStruct >\n            }, None)"
---
Result:
  - Unit
  - Named:
      path:
        elements:
          - MyLocalStruct
      lifetimes: []
  - false

