---
source: core/src/ast/modules.rs
expression: "Module::from_syn(&syn::parse_quote! {\n                #[diplomat :: bridge] mod ffi\n                {\n                    struct Foo {} impl Foo\n                    {\n                        pub fn pub_fn() { unimplemented! () } pub(crate) fn\n                        pub_crate_fn() { unimplemented! () } pub(super) fn\n                        pub_super_fn() { unimplemented! () } fn priv_fn()\n                        { unimplemented! () }\n                    }\n                }\n            }, true)"
---
name: ffi
imports: []
declared_types:
  Foo:
    Struct:
      name: Foo
      docs:
        - ""
        - []
      lifetimes: {}
      fields: []
      methods:
        - name: pub_fn
          docs:
            - ""
            - []
          full_path_name: Foo_pub_fn
          self_param: ~
          params: []
          return_type: ~
          lifetime_env: {}
          attrs:
            cfg: []
      output_only: false
      attrs:
        cfg: []
sub_modules: []

