---
source: core/src/ast/enums.rs
expression: "Enum::from(&syn::parse_quote! {\n                /// Some docs.\n                #[diplomat :: rust_link(foo :: Bar, Enum)] enum MyLocalEnum\n                {\n                    Abc, /// Some more docs.\n                    Def\n                }\n            })"
---
name: MyLocalEnum
docs:
  - Some docs.
  - - path:
        elements:
          - foo
          - Bar
      typ: Enum
      display: Normal
variants:
  - - Abc
    - 0
    - - ""
      - []
    - cfg: []
  - - Def
    - 1
    - - Some more docs.
      - []
    - cfg: []
methods: []
attrs:
  cfg: []

