---
source: core/src/ast/types.rs
expression: "TypeName::from_syn(&syn::parse_quote! {\n                very :: long :: path :: to :: my :: Type < 'x, 'y, 'z >\n            }, None)"
---
Named:
  path:
    elements:
      - very
      - long
      - path
      - to
      - my
      - Type
  lifetimes:
    - Named: x
    - Named: y
    - Named: z

