---
source: tool/src/cpp/types.rs
expression: out_texts.get(out).unwrap()
---
#ifndef MyStruct_HPP
#define MyStruct_HPP
#include <stdint.h>
#include <stddef.h>
#include <stdbool.h>
#include <algorithm>
#include <memory>
#include <variant>
#include <optional>
#include "diplomat_runtime.hpp"

#include "MyStruct.h"


struct MyStruct {
 public:
  void something() const;
};


inline void MyStruct::something() const {
  capi::MyStruct_something((capi::MyStruct*) &this);
}
#endif

