---
source: tool/src/cpp/types.rs
expression: out_texts.get(out).unwrap()

---
#ifndef MyStruct_HPP
#define MyStruct_HPP
#include <stdint.h>
#include <stddef.h>
#include <stdbool.h>
#include <algorithm>
#include <memory>
#include <variant>
#include <optional>
#include "diplomat_runtime.hpp"

namespace capi {
#include "MyStruct.h"
}

struct MyStruct;

/**
 * A destruction policy for using MyStruct with std::unique_ptr.
 */
struct MyStructDeleter {
  void operator()(capi::MyStruct* l) const noexcept {
    capi::MyStruct_destroy(l);
  }
};
struct MyStruct {
 public:
  static MyStruct new_(const std::string_view v);
};


inline MyStruct MyStruct::new_(const std::string_view v) {
  capi::MyStruct diplomat_raw_struct_out_value = capi::MyStruct_new(v.data(), v.size());
  return MyStruct{  };
}
#endif

