---
source: core/src/hir/type_context.rs
assertion_line: 1038
expression: output
---
Lowering error in Foo: Struct "Foo" cannot have any lifetimes if it is allowed within a slice.
Lowering error in Foo: Cannot construct a slice of "Foo" with non-primitive, non-struct field "z"
