---
source: tool/src/nanobind/mod.rs
expression: generated
---
#include "diplomat_nanobind_common.hpp"
#include <../src/nb_internals.h>  // Required for shimming

// Forward declarations for binding add functions

namespace mylib {
void add_OpaqueStruct_binding(nb::handle);
}


// Nanobind does not usually support custom deleters, so we're shimming some of the machinery to add that ability.
// On module init, the dummy type will have the normal nanobind inst_dealloc function in the tp_dealloc slot, so we
// pull it out, store it here, and then call it in the tp_dealloc function we are shimming in to all our types.
// Our custom tp_dealloc function will call the tp_free function instead of `delete`, allowing us effectively to override
// the delete operator.
// See https://nanobind.readthedocs.io/en/latest/lowlevel.html#customizing-type-creation and
// https://github.com/wjakob/nanobind/discussions/932
void (*nb_tp_dealloc)(void *) = nullptr;

void diplomat_tp_dealloc(PyObject *self)
{
    using namespace nb::detail;
    PyTypeObject *tp = Py_TYPE(self);
    const type_data *t = nb_type_data(tp);

    nb_inst *inst = (nb_inst *)self;
    void *p = inst_ptr(inst);
    if (inst->destruct)
    {
        inst->destruct = false;
        check(t->flags & (uint32_t)type_flags::is_destructible,
              "nanobind::detail::inst_dealloc(\"%s\"): attempted to call "
              "the destructor of a non-destructible type!",
              t->name);
        if (t->flags & (uint32_t)type_flags::has_destruct)
            t->destruct(p);
    }
    if (inst->cpp_delete)
    {
        inst->cpp_delete = false;
        auto tp_free = (freefunc)(PyType_GetSlot(tp, Py_tp_free));
        (*tp_free)(p);
    }
    (*nb_tp_dealloc)(self);
}

struct _Dummy {};

NB_MODULE(pymod, pymod_mod)
{
    {
        nb::class_<_Dummy> dummy(pymod_mod, "__dummy__");
        nb_tp_dealloc = (void (*)(void *))nb::type_get_slot(dummy, Py_tp_dealloc);
    }

    nb::class_<std::monostate>(pymod_mod, "monostate")
        .def("__repr__", [](const std::monostate &)
             { return ""; })
        .def("__str__", [](const std::monostate &)
             { return ""; });
             

    // Module declarations
    // Add bindings
    mylib::add_OpaqueStruct_binding(pymod_mylib_mod);
    
    
}
