---
source: tool/src/js/conversions.rs
expression: out_docs.get(out).unwrap()
---
``ffi``
=======

.. js:class:: MyStruct

    .. js:attribute:: s

    .. js:function:: new(s)

    .. js:method:: get()

