---
source: tool/src/js/types.rs
expression: out_texts.get(out).unwrap()
---
export { FFIError } from './diplomat-runtime.mjs';
export { MyOpaqueStruct } from './MyOpaqueStruct.mjs';
export { MyStruct } from './MyStruct.mjs';

