---
source: tool/src/js/types.rs
expression: out_docs.get(out).unwrap()
---
``ffi``
=======

.. js:class:: MyStruct

    .. js:attribute:: a

    .. js:attribute:: b

    .. js:method:: write()

