---
source: tool/src/js/conversions.rs
expression: out_texts.get(out).unwrap()
---
export { FFIError } from './diplomat-runtime.mjs';
export { Line } from './Line.mjs';
export { Point } from './Point.mjs';

